+-----------------------------------------------------------------------------------------------------------------------------+
|     -=- A.B.C -=-                                             La preparation s'effectue  DANS UN VERRE A SERVICE            |
|                  Force 8      Se boit  A TEMPERATURE AMBIANTE             De preference  A L'APERITIF                       |
+-----------------------------------------------------------------------------------------------------------------------------+
| 1/2 BENEDICTINE                                                1/2 CALVADOS                                                 |
| 1 trait d'angostura                                            1 pincee de noix de muscade rapee                            |
+-----------------------------------------------------------------------------------------------------------------------------+
+-----------------------------------------------------------------------------------------------------------------------------+
|     -=- ACAPULCO -=-                                          La preparation s'effectue  AU SHAKER                          |
|                  Force 6      Se boit  TRES FRAIS                         De preference  A L'APERITIF                       |
+-----------------------------------------------------------------------------------------------------------------------------+
| 1/4 COINTREAU                                                  2/4 TEQUILA                                                  |
| 1/4 JUS D'ANANAS                                               1 cuilleree de sucre en poudre                               |
| 1 cuilleree a cafe de noix de coco rapee                                                                                    |
+-----------------------------------------------------------------------------------------------------------------------------+
